// Jest Snapshot v1, https://goo.gl/fbAQLP

exports[`replaceGlobalConsole throws when not given a Lumberjack 1`] = `"logger must be an instance of Lumberjack"`;
